// Jest Snapshot v1, https://goo.gl/fbAQLP

exports[`Footer Footer snapshot 1`] = `
<footer>
  <ul
    className="footer-text"
  >
    <li
      className="footer-copyright"
    >
      Â© 2017 Adopt A Family
    </li>
    <li
      className="footer-spacer"
    >
       | 
    </li>
    <li
      className="footer-privacy"
    >
      <a
        href="http://www.theuselessweb.com/"
        rel="noopener noreferrer"
        target="_blank"
      >
        Privacy Policy
      </a>
    </li>
    <li
      className="cooter-contact"
    >
      <a
        href="http://www.theuselessweb.com/"
        rel="noopener noreferrer"
        target="_blank"
      >
        Contact Us
      </a>
    </li>
  </ul>
  <ul
    className="footer-icons"
  >
    <li>
      <a
        className="social-icon"
        href="https://github.com/5-gwoap/adopt-a-family"
        rel="noopener noreferrer"
        target="_blank"
      >
        <i
          className="fa fa-github fa-2x"
        />
      </a>
    </li>
    <li>
      <a
        className="social-icon"
        href="mailto:5gwoap@gmail.com"
        rel="noopener noreferrer"
        target="_blank"
      >
        <i
          className="fa fa-envelope fa-2x"
        />
      </a>
    </li>
    <li>
      <a
        className="social-icon"
        href="https://github.com/5-gwoap"
        rel="noopener noreferrer"
        target="_blank"
      >
        <i
          className=" fa fa-user-circle fa-2x"
        />
      </a>
    </li>
  </ul>
</footer>
`;
